// Jest Snapshot v1, https://goo.gl/fbAQLP

exports[`Test 3: Komponente entspricht Snapshot 1`] = `
Array [
  <div />,
  <div
    className="MuiGrid-root MuiGrid-container MuiGrid-spacing-xs-6"
  >
    <div
      className="MuiGrid-root MuiGrid-item MuiGrid-grid-xs-12"
    >
      <div
        className="MuiPaper-root makeStyles-paper-7 MuiPaper-elevation1 MuiPaper-rounded"
      >
        <div
          className="MuiGrid-root MuiGrid-container"
        >
          <div
            className="MuiGrid-root MuiGrid-item MuiGrid-grid-xs-10"
          >
            <h6
              className="MuiTypography-root MuiTypography-h6 MuiTypography-gutterBottom MuiTypography-alignLeft"
            >
              <a
                className="MuiTypography-root MuiLink-root MuiLink-underlineHover MuiTypography-colorPrimary"
                data-testid="bookmark-link-element"
                href="https://reactjs.org"
                onBlur={[Function]}
                onFocus={[Function]}
                rel="noreferrer"
                target="_blank"
              >
                React Homepage
              </a>
            </h6>
          </div>
          <div
            className="MuiGrid-root MuiGrid-item MuiGrid-grid-xs-2"
          >
            <div
              className="MuiGrid-root MuiGrid-container MuiGrid-justify-xs-flex-end"
            />
          </div>
          <div
            className="MuiGrid-root MuiGrid-item MuiGrid-grid-xs-12"
          >
            <h6
              className="MuiTypography-root MuiTypography-subtitle1 MuiTypography-alignLeft"
              data-testid="bookmark-descr-element"
            >
              gehe zur React-Homepage
            </h6>
          </div>
        </div>
      </div>
    </div>
  </div>,
]
`;
